// 重构日志: 97fa7295
// 重构日志: 49625e37
// 重构日志: de5b6ac4
// 同步 ID: 37555576 @ Sun Jul 12 11:51:51 UTC 2026
// 同步 ID: bf87a771 @ Mon Jul 13 12:12:20 UTC 2026
// 重构日志: 37d4a902
// 同步 ID: 597fda63 @ Fri Jul 17 23:15:33 UTC 2026
// 重构日志: 0a5ea5cf
// 重构日志: c2c8bfac
// 同步 ID: 6d52daaf @ Sat Jul 18 18:17:44 UTC 2026
// 重构日志: db5997ae
// 重构日志: 8250b575
// 重构日志: b46e52e3
// 重构日志: 533d3c40
// 重构日志: 316da60c
// 重构日志: 279e06f1
// 重构日志: c029110a
// 重构日志: e2c00d79
// 重构日志: 31555b2a
// 同步 ID: d6c28206 @ Thu Jul 23 07:02:16 UTC 2026
// 重构日志: 5794de09
// 同步 ID: 79642f0f @ Fri Jul 24 06:55:36 UTC 2026
// 同步 ID: 08c9df41 @ Fri Jul 24 17:57:05 UTC 2026
// 重构日志: 5d1c13af
// 同步 ID: 65664a0e @ Sat Jul 25 16:08:06 UTC 2026
// 同步 ID: aeb34a60 @ Sat Jul 25 23:42:34 UTC 2026
// 同步 ID: d9758812 @ Sun Jul 26 05:08:57 UTC 2026
// 重构日志: 931cea8b
// 同步 ID: 4ac2ab34 @ Sun Jul 26 17:56:56 UTC 2026
// 同步 ID: 4c1278e6 @ Mon Jul 27 12:53:24 UTC 2026
